type octile
height 42
width 33
map
@@@@@@@@@@@@@........@@@@@@@@@@@@
@@@@@................@@@@@@@@@@@@
@@@@.................@@T@@@@@@@@@
@@@@@@@@@@@.............TT@@@@@@@
@@@@@@@@@................@@@@@@@@
@@........................@@@@@@@
@@..........................@@@@@
@@........................TTT@@@@
@@@@T........................TTT@
@@@T.........................TTT@
@@@..........................TTT@
@@..........TT@@@@@@T........TT@@
@..........T@@@@@@@@@TT....TTTTT@
@.........T@@@@@@@@@@@@T......TT@
@........T@@@@@@@@@@@@@T....TTTTT
@........T@@@@@@@@@@@@@@T....TTTT
@........@@@@@@@@@@@@@@@T....TTTT
..........@@@@@@@@@@@@@@@.......T
...........@@@@@@@@@@@@@T.......T
...........@@@@@@@@@@@@@T.......T
..........@@@@@@@@@@@@@@T.......T
..........@@@@@@@@@@@@@@T.......T
@.........@@@@@@@@@@@@@T.......TT
@.........@@@@@@@@@@@@@.......TTT
@.........TT@@@@@@@@@@........TT@
@@.........TT@@@@@@@..........T@
@@..................@.........T@@
@@@.........................TT@@@
@@@...........TTT.........TTTT@@@
@@........................TTT@@@@
@@...TT...................TT@@@@@
@@....@T........T@@@T...TTTT@@@@@
@.....@@TTT@....TT@@T...TT@@@@@@@
@@......@TT......@...........@@@@
@@.......@T.................@@@@@
@@@@@@......T@.........@@@@@@@@@@
@@@@@@@@@..@TT........T@@@@@@@@@@
@@@@@@@@@@@@T@.......TT@@@@@@@@@@
@@@@@@@@@@@@@@TT@@....T@@@@@@@@@@
@@@@@@@@@@@@@@TTT@....T@@@@@@@@@@
@@@@@@@@@@@@@@.......TT@@@@@@@@@@
@@@@@@@@@@@@@@.........@@@@@@@@@@
