type octile
height 42
width 33
map
@@@@@@@@@@@@@TT....TT@@@@@@@@@@@@
@@@@@@@@@@@@@TT....TT@@@@@@@@@@@@
@@@@@@@@@@@@@TT....TT@@T@@@@@@@@@
@@@@@@@@@@@TTT.....TTTTTTT@@@@@@@
@@@@@@@@@TTTT...........TT@@@@@@@
@@@@@@TT...TT.......TTTTTT@@@@@@@
@@@@@TTT.............TTTTTTT@@@@@
@@@@@T....................TTT@@@@
@@@@T.................TTTTTTTTTT@
@@@TT........................TTT@
@@@T...........TTTT..........TTT@
@@T.........TT@@@@@@T.....TTTTT@@
@TT........T@@@@@@@@@TT....TTTTT@
@T........T@@@@@@@@@@@@T......TT@
@T.......T@@@@@@@@@@@@@T....TTTTT
@T.......T@@@@@@@@@@@@@@T....TTTT
@T.......@@@@@@@@@@@@@@@T....TTTT
TT......TT@@@@@@@@@@@@@@@.......T
TT.....TTTT@@@@@@@@@@@@@T.......T
TT.......TT@@@@@@@@@@@@@T.......T
TT......TT@@@@@@@@@@@@@@T.......T
TT.......T@@@@@@@@@@@@@@T.......T
@TT.......@@@@@@@@@@@@@T.......TT
@TT.......@@@@@@@@@@@@@TT..TTTTTT
@TT.......TT@@@@@@@@@@TTT..TTTTT@
@@TT.......TT@@@@@@@TTT........T@
@@TTTT.......TTTTTTT@TT.......T@@
@@@T..........TT............TT@@@
@@@TTT........TTT.........TTTT@@@
@@@@TTT.............T.....TTT@@@@
@@@@@TTTTT..TTTTT.........TT@@@@@
@@@@@@@TTT....TTT@@@T...TTTT@@@@@
@@@@@@@@TTT@..TTTT@@T...TT@@@@@@@
@@@@@@@@@TTT..TTT@TTTTT@@@@@@@@@@
@@@@@@@@@@TT..TTTTTTTTT@@@@@@@@@@
@@@@@@@@@@@TT@TTTTTTTTT@@@@@@@@@@
@@@@@@@@@@@@TTTTTTTTTTT@@@@@@@@@@
@@@@@@@@@@@@T@TTTTTTTTT@@@@@@@@@@
@@@@@@@@@@@@@@TT@@TTTTT@@@@@@@@@@
@@@@@@@@@@@@@@TTT@TTTTT@@@@@@@@@@
@@@@@@@@@@@@@@TTTTTTTTT@@@@@@@@@@
@@@@@@@@@@@@@@TTTT@TTTT@@@@@@@@@@
